
> bizhub@0.1.0 prebuild
> npm run check:naira


> bizhub@0.1.0 check:naira
> node scripts/check-no-bad-naira.js

OK: no broken Naira symbol found.

> bizhub@0.1.0 build
> next build

  Γû▓ Next.js 14.2.35
  - Environments: .env.local

   Creating an optimized production build ...
> [PWA] Compile server
> [PWA] Compile server
> [PWA] Compile client (static)
> [PWA] Auto register service worker with: C:\Users\USER\Desktop\bizhub\node_modules\next-pwa\register.js
> [PWA] Service worker: C:\Users\USER\Desktop\bizhub\public\sw.js
> [PWA]   url: /sw.js
> [PWA]   scope: /
 Γ£ô Compiled successfully
   Skipping linting
   Checking validity of types ...
   Collecting page data ...
   Generating static pages (0/80) ...
node.exe : Could not find files for /_error in .next/build-manifest.json
At line:1 char:1
+ & "C:\Program Files\nodejs/node.exe" "C:\Program Files\nodejs/node_mo ...
+ ~~~~~~~~~~~~~~~~~~~~~~~~~~~~~~~~~~~~~~~~~~~~~~~~~~~~~~~~~~~~~~~~~~~~~
    + CategoryInfo          : NotSpecified: (Could not find ...d-manifest.json:String) [], RemoteExcepti 
   on
    + FullyQualifiedErrorId : NativeCommandError
 
Could not find files for /_error in .next/build-manifest.json
Could not find files for /_error in .next/build-manifest.json
Could not find files for /_error in .next/build-manifest.json
   Generating static pages (20/80) 
   Generating static pages (40/80) 
TypeError: Cannot read properties of undefined (reading 'call')
    at Object.t [as require] (C:\Users\USER\Desktop\bizhub\.next\server\webpack-runtime.js:1:143)
    at require (C:\Users\USER\Desktop\bizhub\node_modules\next\dist\compiled\next-server\app-page.runtime
.prod.js:17:18811)
    at A (C:\Users\USER\Desktop\bizhub\node_modules\next\dist\compiled\next-server\app-page.runtime.prod.
js:12:94398)
    at C:\Users\USER\Desktop\bizhub\node_modules\next\dist\compiled\next-server\app-page.runtime.prod.js:
12:96726
    at B._fromJSON (C:\Users\USER\Desktop\bizhub\node_modules\next\dist\compiled\next-server\app-page.run
time.prod.js:12:97164)
    at JSON.parse (<anonymous>)
    at I (C:\Users\USER\Desktop\bizhub\node_modules\next\dist\compiled\next-server\app-page.runtime.prod.
js:12:94119)
    at t (C:\Users\USER\Desktop\bizhub\node_modules\next\dist\compiled\next-server\app-page.runtime.prod.
js:12:100640)
    at runNextTicks (node:internal/process/task_queues:64:5)
    at listOnTimeout (node:internal/timers:567:9) {
  digest: '795129903'
}
TypeError: Cannot read properties of undefined (reading 'call')
    at Object.t [as require] (C:\Users\USER\Desktop\bizhub\.next\server\webpack-runtime.js:1:143)
    at require (C:\Users\USER\Desktop\bizhub\node_modules\next\dist\compiled\next-server\app-page.runtime
.prod.js:17:18811)
    at A (C:\Users\USER\Desktop\bizhub\node_modules\next\dist\compiled\next-server\app-page.runtime.prod.
js:12:94398)
    at C:\Users\USER\Desktop\bizhub\node_modules\next\dist\compiled\next-server\app-page.runtime.prod.js:
12:96726
    at B._fromJSON (C:\Users\USER\Desktop\bizhub\node_modules\next\dist\compiled\next-server\app-page.run
time.prod.js:12:97164)
    at JSON.parse (<anonymous>)
    at I (C:\Users\USER\Desktop\bizhub\node_modules\next\dist\compiled\next-server\app-page.runtime.prod.
js:12:94119)
    at t (C:\Users\USER\Desktop\bizhub\node_modules\next\dist\compiled\next-server\app-page.runtime.prod.
js:12:100640)

Error occurred prerendering page "/_not-found". Read more: 
https://nextjs.org/docs/messages/prerender-error

TypeError: Cannot read properties of undefined (reading 'call')
    at Object.t [as require] (C:\Users\USER\Desktop\bizhub\.next\server\webpack-runtime.js:1:143)
    at require (C:\Users\USER\Desktop\bizhub\node_modules\next\dist\compiled\next-server\app-page.runtime
.prod.js:17:18811)
    at A (C:\Users\USER\Desktop\bizhub\node_modules\next\dist\compiled\next-server\app-page.runtime.prod.
js:12:94398)
    at C:\Users\USER\Desktop\bizhub\node_modules\next\dist\compiled\next-server\app-page.runtime.prod.js:
12:96726
    at B._fromJSON (C:\Users\USER\Desktop\bizhub\node_modules\next\dist\compiled\next-server\app-page.run
time.prod.js:12:97164)
    at JSON.parse (<anonymous>)
    at I (C:\Users\USER\Desktop\bizhub\node_modules\next\dist\compiled\next-server\app-page.runtime.prod.
js:12:94119)
    at t (C:\Users\USER\Desktop\bizhub\node_modules\next\dist\compiled\next-server\app-page.runtime.prod.
js:12:100640)
TypeError: Cannot read properties of undefined (reading 'call')
    at Object.t [as require] (C:\Users\USER\Desktop\bizhub\.next\server\webpack-runtime.js:1:143)
    at require (C:\Users\USER\Desktop\bizhub\node_modules\next\dist\compiled\next-server\app-page.runtime
.prod.js:17:18811)
    at s (C:\Users\USER\Desktop\bizhub\node_modules\next\dist\compiled\next-server\app-page.runtime.prod.
js:12:88330)
    at C:\Users\USER\Desktop\bizhub\node_modules\next\dist\compiled\next-server\app-page.runtime.prod.js:
12:98875
    at C:\Users\USER\Desktop\bizhub\node_modules\next\dist\compiled\next-server\app-page.runtime.prod.js:
12:98962
    at t (C:\Users\USER\Desktop\bizhub\node_modules\next\dist\compiled\next-server\app-page.runtime.prod.
js:12:99165) {
  digest: '249418741'
}
TypeError: Cannot read properties of undefined (reading 'call')
    at Object.t [as require] (C:\Users\USER\Desktop\bizhub\.next\server\webpack-runtime.js:1:143)
    at require (C:\Users\USER\Desktop\bizhub\node_modules\next\dist\compiled\next-server\app-page.runtime
.prod.js:17:18811)
    at A (C:\Users\USER\Desktop\bizhub\node_modules\next\dist\compiled\next-server\app-page.runtime.prod.
js:12:94398)
    at C:\Users\USER\Desktop\bizhub\node_modules\next\dist\compiled\next-server\app-page.runtime.prod.js:
12:96726
    at B._fromJSON (C:\Users\USER\Desktop\bizhub\node_modules\next\dist\compiled\next-server\app-page.run
time.prod.js:12:97164)
    at JSON.parse (<anonymous>)
    at I (C:\Users\USER\Desktop\bizhub\node_modules\next\dist\compiled\next-server\app-page.runtime.prod.
js:12:94119)
    at t (C:\Users\USER\Desktop\bizhub\node_modules\next\dist\compiled\next-server\app-page.runtime.prod.
js:12:100640)

Error occurred prerendering page "/vendor/more". Read more: 
https://nextjs.org/docs/messages/prerender-error

TypeError: Cannot read properties of undefined (reading 'call')
    at Object.t [as require] (C:\Users\USER\Desktop\bizhub\.next\server\webpack-runtime.js:1:143)
    at require (C:\Users\USER\Desktop\bizhub\node_modules\next\dist\compiled\next-server\app-page.runtime
.prod.js:17:18811)
    at A (C:\Users\USER\Desktop\bizhub\node_modules\next\dist\compiled\next-server\app-page.runtime.prod.
js:12:94398)
    at C:\Users\USER\Desktop\bizhub\node_modules\next\dist\compiled\next-server\app-page.runtime.prod.js:
12:96726
    at B._fromJSON (C:\Users\USER\Desktop\bizhub\node_modules\next\dist\compiled\next-server\app-page.run
time.prod.js:12:97164)
    at JSON.parse (<anonymous>)
    at I (C:\Users\USER\Desktop\bizhub\node_modules\next\dist\compiled\next-server\app-page.runtime.prod.
js:12:94119)
    at t (C:\Users\USER\Desktop\bizhub\node_modules\next\dist\compiled\next-server\app-page.runtime.prod.
js:12:100640)
TypeError: Cannot read properties of undefined (reading 'call')
    at Object.t [as require] (C:\Users\USER\Desktop\bizhub\.next\server\webpack-runtime.js:1:143)
    at require (C:\Users\USER\Desktop\bizhub\node_modules\next\dist\compiled\next-server\app-page.runtime
.prod.js:17:18811)
    at s (C:\Users\USER\Desktop\bizhub\node_modules\next\dist\compiled\next-server\app-page.runtime.prod.
js:12:88330)
    at C:\Users\USER\Desktop\bizhub\node_modules\next\dist\compiled\next-server\app-page.runtime.prod.js:
12:98875
    at C:\Users\USER\Desktop\bizhub\node_modules\next\dist\compiled\next-server\app-page.runtime.prod.js:
12:98962
    at t (C:\Users\USER\Desktop\bizhub\node_modules\next\dist\compiled\next-server\app-page.runtime.prod.
js:12:99165) {
  digest: '249418741'
}
TypeError: Cannot read properties of undefined (reading 'call')
    at Object.t [as require] (C:\Users\USER\Desktop\bizhub\.next\server\webpack-runtime.js:1:143)
    at require (C:\Users\USER\Desktop\bizhub\node_modules\next\dist\compiled\next-server\app-page.runtime
.prod.js:17:18811)
    at A (C:\Users\USER\Desktop\bizhub\node_modules\next\dist\compiled\next-server\app-page.runtime.prod.
js:12:94398)
    at C:\Users\USER\Desktop\bizhub\node_modules\next\dist\compiled\next-server\app-page.runtime.prod.js:
12:96726
    at B._fromJSON (C:\Users\USER\Desktop\bizhub\node_modules\next\dist\compiled\next-server\app-page.run
time.prod.js:12:97164)
    at JSON.parse (<anonymous>)
    at I (C:\Users\USER\Desktop\bizhub\node_modules\next\dist\compiled\next-server\app-page.runtime.prod.
js:12:94119)
    at t (C:\Users\USER\Desktop\bizhub\node_modules\next\dist\compiled\next-server\app-page.runtime.prod.
js:12:100640)

Error occurred prerendering page "/cart". Read more: https://nextjs.org/docs/messages/prerender-error

TypeError: Cannot read properties of undefined (reading 'call')
    at Object.t [as require] (C:\Users\USER\Desktop\bizhub\.next\server\webpack-runtime.js:1:143)
    at require (C:\Users\USER\Desktop\bizhub\node_modules\next\dist\compiled\next-server\app-page.runtime
.prod.js:17:18811)
    at A (C:\Users\USER\Desktop\bizhub\node_modules\next\dist\compiled\next-server\app-page.runtime.prod.
js:12:94398)
    at C:\Users\USER\Desktop\bizhub\node_modules\next\dist\compiled\next-server\app-page.runtime.prod.js:
12:96726
    at B._fromJSON (C:\Users\USER\Desktop\bizhub\node_modules\next\dist\compiled\next-server\app-page.run
time.prod.js:12:97164)
    at JSON.parse (<anonymous>)
    at I (C:\Users\USER\Desktop\bizhub\node_modules\next\dist\compiled\next-server\app-page.runtime.prod.
js:12:94119)
    at t (C:\Users\USER\Desktop\bizhub\node_modules\next\dist\compiled\next-server\app-page.runtime.prod.
js:12:100640)
TypeError: Cannot read properties of undefined (reading 'call')
    at Object.t [as require] (C:\Users\USER\Desktop\bizhub\.next\server\webpack-runtime.js:1:143)
    at require (C:\Users\USER\Desktop\bizhub\node_modules\next\dist\compiled\next-server\app-page.runtime
.prod.js:17:18811)
    at s (C:\Users\USER\Desktop\bizhub\node_modules\next\dist\compiled\next-server\app-page.runtime.prod.
js:12:88330)
    at C:\Users\USER\Desktop\bizhub\node_modules\next\dist\compiled\next-server\app-page.runtime.prod.js:
12:98875
    at C:\Users\USER\Desktop\bizhub\node_modules\next\dist\compiled\next-server\app-page.runtime.prod.js:
12:98962
    at t (C:\Users\USER\Desktop\bizhub\node_modules\next\dist\compiled\next-server\app-page.runtime.prod.
js:12:99165) {
  digest: '249418741'
}
TypeError: Cannot read properties of undefined (reading 'call')
    at Object.t [as require] (C:\Users\USER\Desktop\bizhub\.next\server\webpack-runtime.js:1:143)
    at require (C:\Users\USER\Desktop\bizhub\node_modules\next\dist\compiled\next-server\app-page.runtime
.prod.js:17:18811)
    at A (C:\Users\USER\Desktop\bizhub\node_modules\next\dist\compiled\next-server\app-page.runtime.prod.
js:12:94398)
    at C:\Users\USER\Desktop\bizhub\node_modules\next\dist\compiled\next-server\app-page.runtime.prod.js:
12:96726
    at B._fromJSON (C:\Users\USER\Desktop\bizhub\node_modules\next\dist\compiled\next-server\app-page.run
time.prod.js:12:97164)
    at JSON.parse (<anonymous>)
    at I (C:\Users\USER\Desktop\bizhub\node_modules\next\dist\compiled\next-server\app-page.runtime.prod.
js:12:94119)
    at t (C:\Users\USER\Desktop\bizhub\node_modules\next\dist\compiled\next-server\app-page.runtime.prod.
js:12:100640)

Error occurred prerendering page "/account". Read more: https://nextjs.org/docs/messages/prerender-error

TypeError: Cannot read properties of undefined (reading 'call')
    at Object.t [as require] (C:\Users\USER\Desktop\bizhub\.next\server\webpack-runtime.js:1:143)
    at require (C:\Users\USER\Desktop\bizhub\node_modules\next\dist\compiled\next-server\app-page.runtime
.prod.js:17:18811)
    at A (C:\Users\USER\Desktop\bizhub\node_modules\next\dist\compiled\next-server\app-page.runtime.prod.
js:12:94398)
    at C:\Users\USER\Desktop\bizhub\node_modules\next\dist\compiled\next-server\app-page.runtime.prod.js:
12:96726
    at B._fromJSON (C:\Users\USER\Desktop\bizhub\node_modules\next\dist\compiled\next-server\app-page.run
time.prod.js:12:97164)
    at JSON.parse (<anonymous>)
    at I (C:\Users\USER\Desktop\bizhub\node_modules\next\dist\compiled\next-server\app-page.runtime.prod.
js:12:94119)
    at t (C:\Users\USER\Desktop\bizhub\node_modules\next\dist\compiled\next-server\app-page.runtime.prod.
js:12:100640)
TypeError: Cannot read properties of undefined (reading 'call')
    at Object.t [as require] (C:\Users\USER\Desktop\bizhub\.next\server\webpack-runtime.js:1:143)
    at require (C:\Users\USER\Desktop\bizhub\node_modules\next\dist\compiled\next-server\app-page.runtime
.prod.js:17:18811)
    at s (C:\Users\USER\Desktop\bizhub\node_modules\next\dist\compiled\next-server\app-page.runtime.prod.
js:12:88330)
    at C:\Users\USER\Desktop\bizhub\node_modules\next\dist\compiled\next-server\app-page.runtime.prod.js:
12:98875
    at C:\Users\USER\Desktop\bizhub\node_modules\next\dist\compiled\next-server\app-page.runtime.prod.js:
12:98962
    at t (C:\Users\USER\Desktop\bizhub\node_modules\next\dist\compiled\next-server\app-page.runtime.prod.
js:12:99165) {
  digest: '249418741'
}
TypeError: Cannot read properties of undefined (reading 'call')
    at Object.t [as require] (C:\Users\USER\Desktop\bizhub\.next\server\webpack-runtime.js:1:143)
    at require (C:\Users\USER\Desktop\bizhub\node_modules\next\dist\compiled\next-server\app-page.runtime
.prod.js:17:18811)
   Generating static pages (60/80) 
    at A (C:\Users\USER\Desktop\bizhub\node_modules\next\dist\compiled\next-server\app-page.runtime.prod.
js:12:94398)
    at C:\Users\USER\Desktop\bizhub\node_modules\next\dist\compiled\next-server\app-page.runtime.prod.js:
12:96726
    at B._fromJSON (C:\Users\USER\Desktop\bizhub\node_modules\next\dist\compiled\next-server\app-page.run
time.prod.js:12:97164)
    at JSON.parse (<anonymous>)
    at I (C:\Users\USER\Desktop\bizhub\node_modules\next\dist\compiled\next-server\app-page.runtime.prod.
js:12:94119)
    at t (C:\Users\USER\Desktop\bizhub\node_modules\next\dist\compiled\next-server\app-page.runtime.prod.
js:12:100640)

Error occurred prerendering page "/orders". Read more: https://nextjs.org/docs/messages/prerender-error

TypeError: Cannot read properties of undefined (reading 'call')
    at Object.t [as require] (C:\Users\USER\Desktop\bizhub\.next\server\webpack-runtime.js:1:143)
    at require (C:\Users\USER\Desktop\bizhub\node_modules\next\dist\compiled\next-server\app-page.runtime
.prod.js:17:18811)
    at A (C:\Users\USER\Desktop\bizhub\node_modules\next\dist\compiled\next-server\app-page.runtime.prod.
js:12:94398)
    at C:\Users\USER\Desktop\bizhub\node_modules\next\dist\compiled\next-server\app-page.runtime.prod.js:
12:96726
    at B._fromJSON (C:\Users\USER\Desktop\bizhub\node_modules\next\dist\compiled\next-server\app-page.run
time.prod.js:12:97164)
    at JSON.parse (<anonymous>)
    at I (C:\Users\USER\Desktop\bizhub\node_modules\next\dist\compiled\next-server\app-page.runtime.prod.
js:12:94119)
    at t (C:\Users\USER\Desktop\bizhub\node_modules\next\dist\compiled\next-server\app-page.runtime.prod.
js:12:100640)
TypeError: Cannot read properties of undefined (reading 'call')
    at Object.t [as require] (C:\Users\USER\Desktop\bizhub\.next\server\webpack-runtime.js:1:143)
    at require (C:\Users\USER\Desktop\bizhub\node_modules\next\dist\compiled\next-server\app-page.runtime
.prod.js:17:18811)
    at s (C:\Users\USER\Desktop\bizhub\node_modules\next\dist\compiled\next-server\app-page.runtime.prod.
js:12:88330)
    at C:\Users\USER\Desktop\bizhub\node_modules\next\dist\compiled\next-server\app-page.runtime.prod.js:
12:98875
    at C:\Users\USER\Desktop\bizhub\node_modules\next\dist\compiled\next-server\app-page.runtime.prod.js:
12:98962
    at t (C:\Users\USER\Desktop\bizhub\node_modules\next\dist\compiled\next-server\app-page.runtime.prod.
js:12:99165) {
  digest: '249418741'
}
TypeError: Cannot read properties of undefined (reading 'call')
    at Object.t [as require] (C:\Users\USER\Desktop\bizhub\.next\server\webpack-runtime.js:1:143)
    at require (C:\Users\USER\Desktop\bizhub\node_modules\next\dist\compiled\next-server\app-page.runtime
.prod.js:17:18811)
    at A (C:\Users\USER\Desktop\bizhub\node_modules\next\dist\compiled\next-server\app-page.runtime.prod.
js:12:94398)
    at C:\Users\USER\Desktop\bizhub\node_modules\next\dist\compiled\next-server\app-page.runtime.prod.js:
12:96726
    at B._fromJSON (C:\Users\USER\Desktop\bizhub\node_modules\next\dist\compiled\next-server\app-page.run
time.prod.js:12:97164)
    at JSON.parse (<anonymous>)
    at I (C:\Users\USER\Desktop\bizhub\node_modules\next\dist\compiled\next-server\app-page.runtime.prod.
js:12:94119)
    at t (C:\Users\USER\Desktop\bizhub\node_modules\next\dist\compiled\next-server\app-page.runtime.prod.
js:12:100640)

Error occurred prerendering page "/market". Read more: https://nextjs.org/docs/messages/prerender-error

TypeError: Cannot read properties of undefined (reading 'call')
    at Object.t [as require] (C:\Users\USER\Desktop\bizhub\.next\server\webpack-runtime.js:1:143)
    at require (C:\Users\USER\Desktop\bizhub\node_modules\next\dist\compiled\next-server\app-page.runtime
.prod.js:17:18811)
    at A (C:\Users\USER\Desktop\bizhub\node_modules\next\dist\compiled\next-server\app-page.runtime.prod.
js:12:94398)
    at C:\Users\USER\Desktop\bizhub\node_modules\next\dist\compiled\next-server\app-page.runtime.prod.js:
12:96726
    at B._fromJSON (C:\Users\USER\Desktop\bizhub\node_modules\next\dist\compiled\next-server\app-page.run
time.prod.js:12:97164)
    at JSON.parse (<anonymous>)
    at I (C:\Users\USER\Desktop\bizhub\node_modules\next\dist\compiled\next-server\app-page.runtime.prod.
js:12:94119)
    at t (C:\Users\USER\Desktop\bizhub\node_modules\next\dist\compiled\next-server\app-page.runtime.prod.
js:12:100640)
TypeError: Cannot read properties of undefined (reading 'call')
    at Object.t [as require] (C:\Users\USER\Desktop\bizhub\.next\server\webpack-runtime.js:1:143)
    at require (C:\Users\USER\Desktop\bizhub\node_modules\next\dist\compiled\next-server\app-page.runtime
.prod.js:17:18811)
    at s (C:\Users\USER\Desktop\bizhub\node_modules\next\dist\compiled\next-server\app-page.runtime.prod.
js:12:88330)
    at C:\Users\USER\Desktop\bizhub\node_modules\next\dist\compiled\next-server\app-page.runtime.prod.js:
12:98875
    at C:\Users\USER\Desktop\bizhub\node_modules\next\dist\compiled\next-server\app-page.runtime.prod.js:
12:98962
    at t (C:\Users\USER\Desktop\bizhub\node_modules\next\dist\compiled\next-server\app-page.runtime.prod.
js:12:99165) {
  digest: '249418741'
}
TypeError: Cannot read properties of undefined (reading 'call')
    at Object.t [as require] (C:\Users\USER\Desktop\bizhub\.next\server\webpack-runtime.js:1:143)
    at require (C:\Users\USER\Desktop\bizhub\node_modules\next\dist\compiled\next-server\app-page.runtime
.prod.js:17:18811)
    at A (C:\Users\USER\Desktop\bizhub\node_modules\next\dist\compiled\next-server\app-page.runtime.prod.
js:12:94398)
    at C:\Users\USER\Desktop\bizhub\node_modules\next\dist\compiled\next-server\app-page.runtime.prod.js:
12:96726
    at B._fromJSON (C:\Users\USER\Desktop\bizhub\node_modules\next\dist\compiled\next-server\app-page.run
time.prod.js:12:97164)
    at JSON.parse (<anonymous>)
    at I (C:\Users\USER\Desktop\bizhub\node_modules\next\dist\compiled\next-server\app-page.runtime.prod.
js:12:94119)
    at t (C:\Users\USER\Desktop\bizhub\node_modules\next\dist\compiled\next-server\app-page.runtime.prod.
js:12:100640)

Error occurred prerendering page "/vendor/reengagement". Read more: 
https://nextjs.org/docs/messages/prerender-error

TypeError: Cannot read properties of undefined (reading 'call')
    at Object.t [as require] (C:\Users\USER\Desktop\bizhub\.next\server\webpack-runtime.js:1:143)
    at require (C:\Users\USER\Desktop\bizhub\node_modules\next\dist\compiled\next-server\app-page.runtime
.prod.js:17:18811)
    at A (C:\Users\USER\Desktop\bizhub\node_modules\next\dist\compiled\next-server\app-page.runtime.prod.
js:12:94398)
    at C:\Users\USER\Desktop\bizhub\node_modules\next\dist\compiled\next-server\app-page.runtime.prod.js:
12:96726
    at B._fromJSON (C:\Users\USER\Desktop\bizhub\node_modules\next\dist\compiled\next-server\app-page.run
time.prod.js:12:97164)
    at JSON.parse (<anonymous>)
    at I (C:\Users\USER\Desktop\bizhub\node_modules\next\dist\compiled\next-server\app-page.runtime.prod.
js:12:94119)
    at t (C:\Users\USER\Desktop\bizhub\node_modules\next\dist\compiled\next-server\app-page.runtime.prod.
js:12:100640)
TypeError: Cannot read properties of undefined (reading 'call')
    at Object.t [as require] (C:\Users\USER\Desktop\bizhub\.next\server\webpack-runtime.js:1:143)
    at require (C:\Users\USER\Desktop\bizhub\node_modules\next\dist\compiled\next-server\app-page.runtime
.prod.js:17:18811)
    at s (C:\Users\USER\Desktop\bizhub\node_modules\next\dist\compiled\next-server\app-page.runtime.prod.
js:12:88330)
    at C:\Users\USER\Desktop\bizhub\node_modules\next\dist\compiled\next-server\app-page.runtime.prod.js:
12:98875
    at C:\Users\USER\Desktop\bizhub\node_modules\next\dist\compiled\next-server\app-page.runtime.prod.js:
12:98962
    at t (C:\Users\USER\Desktop\bizhub\node_modules\next\dist\compiled\next-server\app-page.runtime.prod.
js:12:99165) {
  digest: '249418741'
}
TypeError: Cannot read properties of undefined (reading 'call')
    at Object.t [as require] (C:\Users\USER\Desktop\bizhub\.next\server\webpack-runtime.js:1:143)
    at require (C:\Users\USER\Desktop\bizhub\node_modules\next\dist\compiled\next-server\app-page.runtime
.prod.js:17:18811)
    at A (C:\Users\USER\Desktop\bizhub\node_modules\next\dist\compiled\next-server\app-page.runtime.prod.
js:12:94398)
    at C:\Users\USER\Desktop\bizhub\node_modules\next\dist\compiled\next-server\app-page.runtime.prod.js:
12:96726
    at B._fromJSON (C:\Users\USER\Desktop\bizhub\node_modules\next\dist\compiled\next-server\app-page.run
time.prod.js:12:97164)
    at JSON.parse (<anonymous>)
    at I (C:\Users\USER\Desktop\bizhub\node_modules\next\dist\compiled\next-server\app-page.runtime.prod.
js:12:94119)
    at t (C:\Users\USER\Desktop\bizhub\node_modules\next\dist\compiled\next-server\app-page.runtime.prod.
js:12:100640)

Error occurred prerendering page "/vendor". Read more: https://nextjs.org/docs/messages/prerender-error

TypeError: Cannot read properties of undefined (reading 'call')
    at Object.t [as require] (C:\Users\USER\Desktop\bizhub\.next\server\webpack-runtime.js:1:143)
    at require (C:\Users\USER\Desktop\bizhub\node_modules\next\dist\compiled\next-server\app-page.runtime
.prod.js:17:18811)
    at A (C:\Users\USER\Desktop\bizhub\node_modules\next\dist\compiled\next-server\app-page.runtime.prod.
js:12:94398)
    at C:\Users\USER\Desktop\bizhub\node_modules\next\dist\compiled\next-server\app-page.runtime.prod.js:
12:96726
    at B._fromJSON (C:\Users\USER\Desktop\bizhub\node_modules\next\dist\compiled\next-server\app-page.run
time.prod.js:12:97164)
    at JSON.parse (<anonymous>)
    at I (C:\Users\USER\Desktop\bizhub\node_modules\next\dist\compiled\next-server\app-page.runtime.prod.
js:12:94119)
    at t (C:\Users\USER\Desktop\bizhub\node_modules\next\dist\compiled\next-server\app-page.runtime.prod.
js:12:100640)
TypeError: Cannot read properties of undefined (reading 'call')
    at Object.t [as require] (C:\Users\USER\Desktop\bizhub\.next\server\webpack-runtime.js:1:143)
    at require (C:\Users\USER\Desktop\bizhub\node_modules\next\dist\compiled\next-server\app-page.runtime
.prod.js:17:18811)
    at s (C:\Users\USER\Desktop\bizhub\node_modules\next\dist\compiled\next-server\app-page.runtime.prod.
js:12:88330)
    at C:\Users\USER\Desktop\bizhub\node_modules\next\dist\compiled\next-server\app-page.runtime.prod.js:
12:98875
    at C:\Users\USER\Desktop\bizhub\node_modules\next\dist\compiled\next-server\app-page.runtime.prod.js:
12:98962
    at t (C:\Users\USER\Desktop\bizhub\node_modules\next\dist\compiled\next-server\app-page.runtime.prod.
js:12:99165) {
  digest: '249418741'
}
TypeError: Cannot read properties of undefined (reading 'call')
    at Object.t [as require] (C:\Users\USER\Desktop\bizhub\.next\server\webpack-runtime.js:1:143)
    at require (C:\Users\USER\Desktop\bizhub\node_modules\next\dist\compiled\next-server\app-page.runtime
.prod.js:17:18811)
    at A (C:\Users\USER\Desktop\bizhub\node_modules\next\dist\compiled\next-server\app-page.runtime.prod.
js:12:94398)
    at C:\Users\USER\Desktop\bizhub\node_modules\next\dist\compiled\next-server\app-page.runtime.prod.js:
12:96726
    at B._fromJSON (C:\Users\USER\Desktop\bizhub\node_modules\next\dist\compiled\next-server\app-page.run
time.prod.js:12:97164)
    at JSON.parse (<anonymous>)
    at I (C:\Users\USER\Desktop\bizhub\node_modules\next\dist\compiled\next-server\app-page.runtime.prod.
js:12:94119)
    at t (C:\Users\USER\Desktop\bizhub\node_modules\next\dist\compiled\next-server\app-page.runtime.prod.
js:12:100640)

Error occurred prerendering page "/vendor/orders". Read more: 
https://nextjs.org/docs/messages/prerender-error

TypeError: Cannot read properties of undefined (reading 'call')
    at Object.t [as require] (C:\Users\USER\Desktop\bizhub\.next\server\webpack-runtime.js:1:143)
    at require (C:\Users\USER\Desktop\bizhub\node_modules\next\dist\compiled\next-server\app-page.runtime
.prod.js:17:18811)
    at A (C:\Users\USER\Desktop\bizhub\node_modules\next\dist\compiled\next-server\app-page.runtime.prod.
js:12:94398)
    at C:\Users\USER\Desktop\bizhub\node_modules\next\dist\compiled\next-server\app-page.runtime.prod.js:
12:96726
    at B._fromJSON (C:\Users\USER\Desktop\bizhub\node_modules\next\dist\compiled\next-server\app-page.run
time.prod.js:12:97164)
    at JSON.parse (<anonymous>)
    at I (C:\Users\USER\Desktop\bizhub\node_modules\next\dist\compiled\next-server\app-page.runtime.prod.
js:12:94119)
    at t (C:\Users\USER\Desktop\bizhub\node_modules\next\dist\compiled\next-server\app-page.runtime.prod.
js:12:100640)
 Γ£ô Generating static pages (80/80)

> Export encountered errors on following paths:
	/_not-found/page: /_not-found
	/account/page: /account
	/cart/page: /cart
	/market/page: /market
	/orders/page: /orders
	/vendor/more/page: /vendor/more
	/vendor/orders/page: /vendor/orders
	/vendor/page: /vendor
	/vendor/reengagement/page: /vendor/reengagement

