src/app/b/[slug]/page.tsx(859,14): error TS2304: Cannot find name 'ChevronRight'.
src/app/cart/page.tsx(76,73): error TS2345: Argument of type 'string | null' is not assignable to parameter of type 'string | number | boolean'.
  Type 'null' is not assignable to type 'string | number | boolean'.
src/app/market/page.tsx(57,22): error TS2339: Property 'itemCount' does not exist on type 'CartContextValue'.
src/app/market/page.tsx(402,13): error TS2322: Type '{ children: Element; title: string; subtitle: string; icon: Element; }' is not assignable to type 'IntrinsicAttributes & { title: string; subtitle?: string | undefined; right?: ReactNode; children: ReactNode; className?: string | undefined; }'.
  Property 'icon' does not exist on type 'IntrinsicAttributes & { title: string; subtitle?: string | undefined; right?: ReactNode; children: ReactNode; className?: string | undefined; }'.
src/app/vendor/orders/[orderId]/page.tsx(514,11): error TS2322: Type '{ children: Element; title: string; subtitle: string; headerRight: Element; }' is not assignable to type 'IntrinsicAttributes & { title: string; subtitle?: string | undefined; right?: ReactNode; children: ReactNode; className?: string | undefined; }'.
  Property 'headerRight' does not exist on type 'IntrinsicAttributes & { title: string; subtitle?: string | undefined; right?: ReactNode; children: ReactNode; className?: string | undefined; }'.
src/app/vendor/page.tsx(513,17): error TS2322: Type '{ children: Element; title: string; subtitle: string; headerRight: Element; }' is not assignable to type 'IntrinsicAttributes & { title: string; subtitle?: string | undefined; right?: ReactNode; children: ReactNode; className?: string | undefined; }'.
  Property 'headerRight' does not exist on type 'IntrinsicAttributes & { title: string; subtitle?: string | undefined; right?: ReactNode; children: ReactNode; className?: string | undefined; }'.
src/app/vendor/page.tsx(585,17): error TS2322: Type '{ children: Element; title: string; subtitle: string; headerRight: Element; }' is not assignable to type 'IntrinsicAttributes & { title: string; subtitle?: string | undefined; right?: ReactNode; children: ReactNode; className?: string | undefined; }'.
  Property 'headerRight' does not exist on type 'IntrinsicAttributes & { title: string; subtitle?: string | undefined; right?: ReactNode; children: ReactNode; className?: string | undefined; }'.
src/app/vendor/page.tsx(660,15): error TS2322: Type '{ children: Element; title: string; subtitle: string; headerRight: false | Element; }' is not assignable to type 'IntrinsicAttributes & { title: string; subtitle?: string | undefined; right?: ReactNode; children: ReactNode; className?: string | undefined; }'.
  Property 'headerRight' does not exist on type 'IntrinsicAttributes & { title: string; subtitle?: string | undefined; right?: ReactNode; children: ReactNode; className?: string | undefined; }'.
src/app/vendor/promote/faq/page.tsx(290,25): error TS2322: Type '"soft"' is not assignable to type '"ghost" | "primary" | "secondary" | "danger" | undefined'.
src/app/vendor/verification/page.tsx(228,15): error TS2322: Type '{ children: (false | Element)[]; title: string; subtitle: string; headerRight: Element; }' is not assignable to type 'IntrinsicAttributes & { title: string; subtitle?: string | undefined; right?: ReactNode; children: ReactNode; className?: string | undefined; }'.
  Property 'headerRight' does not exist on type 'IntrinsicAttributes & { title: string; subtitle?: string | undefined; right?: ReactNode; children: ReactNode; className?: string | undefined; }'.
src/app/vendor/verification/page.tsx(275,15): error TS2322: Type '{ children: any[]; title: string; subtitle: string; headerRight: Element; }' is not assignable to type 'IntrinsicAttributes & { title: string; subtitle?: string | undefined; right?: ReactNode; children: ReactNode; className?: string | undefined; }'.
  Property 'headerRight' does not exist on type 'IntrinsicAttributes & { title: string; subtitle?: string | undefined; right?: ReactNode; children: ReactNode; className?: string | undefined; }'.
src/app/vendor/verification/page.tsx(333,15): error TS2322: Type '{ children: any[]; title: string; subtitle: string; headerRight: Element; }' is not assignable to type 'IntrinsicAttributes & { title: string; subtitle?: string | undefined; right?: ReactNode; children: ReactNode; className?: string | undefined; }'.
  Property 'headerRight' does not exist on type 'IntrinsicAttributes & { title: string; subtitle?: string | undefined; right?: ReactNode; children: ReactNode; className?: string | undefined; }'.
src/components/market/DealsCarousel.tsx(36,9): error TS2322: Type '{ children: Element; title: string; subtitle: string; icon: Element; }' is not assignable to type 'IntrinsicAttributes & { title: string; subtitle?: string | undefined; right?: ReactNode; children: ReactNode; className?: string | undefined; }'.
  Property 'icon' does not exist on type 'IntrinsicAttributes & { title: string; subtitle?: string | undefined; right?: ReactNode; children: ReactNode; className?: string | undefined; }'.
src/components/market/DealsCarousel.tsx(51,7): error TS2322: Type '{ children: Element; title: string; subtitle: string; icon: Element; }' is not assignable to type 'IntrinsicAttributes & { title: string; subtitle?: string | undefined; right?: ReactNode; children: ReactNode; className?: string | undefined; }'.
  Property 'icon' does not exist on type 'IntrinsicAttributes & { title: string; subtitle?: string | undefined; right?: ReactNode; children: ReactNode; className?: string | undefined; }'.
src/components/reviews/VendorReviewsPanel.tsx(100,9): error TS2322: Type '{ children: (false | Element | null)[]; title: string; subtitle: string; headerRight: Element; }' is not assignable to type 'IntrinsicAttributes & { title: string; subtitle?: string | undefined; right?: ReactNode; children: ReactNode; className?: string | undefined; }'.
  Property 'headerRight' does not exist on type 'IntrinsicAttributes & { title: string; subtitle?: string | undefined; right?: ReactNode; children: ReactNode; className?: string | undefined; }'.
