src/__tests__/api/analytics-summary.test.ts(8,7): error TS2451: Cannot redeclare block-scoped variable 'BASE_URL'.
src/__tests__/api/analytics-summary.test.ts(10,1): error TS2582: Cannot find name 'describe'. Do you need to install type definitions for a test runner? Try `npm i --save-dev @types/jest` or `npm i --save-dev @types/mocha`.
src/__tests__/api/analytics-summary.test.ts(11,3): error TS2582: Cannot find name 'it'. Do you need to install type definitions for a test runner? Try `npm i --save-dev @types/jest` or `npm i --save-dev @types/mocha`.
src/__tests__/api/analytics-summary.test.ts(13,5): error TS2304: Cannot find name 'expect'.
src/__tests__/api/analytics-summary.test.ts(16,5): error TS2304: Cannot find name 'expect'.
src/__tests__/api/analytics-summary.test.ts(17,5): error TS2304: Cannot find name 'expect'.
src/__tests__/api/analytics-summary.test.ts(20,3): error TS2582: Cannot find name 'it'. Do you need to install type definitions for a test runner? Try `npm i --save-dev @types/jest` or `npm i --save-dev @types/mocha`.
src/__tests__/api/analytics-summary.test.ts(27,5): error TS2304: Cannot find name 'expect'.
src/__tests__/api/analytics-summary.test.ts(30,3): error TS2582: Cannot find name 'it'. Do you need to install type definitions for a test runner? Try `npm i --save-dev @types/jest` or `npm i --save-dev @types/mocha`.
src/__tests__/api/analytics-summary.test.ts(38,7): error TS2304: Cannot find name 'expect'.
src/__tests__/api/analytics-summary.test.ts(39,7): error TS2304: Cannot find name 'expect'.
src/__tests__/api/analytics-summary.test.ts(40,7): error TS2304: Cannot find name 'expect'.
src/__tests__/api/analytics-summary.test.ts(41,7): error TS2304: Cannot find name 'expect'.
src/__tests__/api/analytics-summary.test.ts(42,7): error TS2304: Cannot find name 'expect'.
src/__tests__/api/subscription-guard.test.ts(23,1): error TS2582: Cannot find name 'describe'. Do you need to install type definitions for a test runner? Try `npm i --save-dev @types/jest` or `npm i --save-dev @types/mocha`.
src/__tests__/api/subscription-guard.test.ts(24,3): error TS2582: Cannot find name 'it'. Do you need to install type definitions for a test runner? Try `npm i --save-dev @types/jest` or `npm i --save-dev @types/mocha`.
src/__tests__/api/subscription-guard.test.ts(27,5): error TS2304: Cannot find name 'expect'.
src/__tests__/api/subscription-guard.test.ts(28,5): error TS2304: Cannot find name 'expect'.
src/__tests__/api/subscription-guard.test.ts(31,3): error TS2582: Cannot find name 'it'. Do you need to install type definitions for a test runner? Try `npm i --save-dev @types/jest` or `npm i --save-dev @types/mocha`.
src/__tests__/api/subscription-guard.test.ts(34,5): error TS2304: Cannot find name 'expect'.
src/__tests__/api/subscription-guard.test.ts(35,5): error TS2304: Cannot find name 'expect'.
src/__tests__/api/subscription-guard.test.ts(38,3): error TS2582: Cannot find name 'it'. Do you need to install type definitions for a test runner? Try `npm i --save-dev @types/jest` or `npm i --save-dev @types/mocha`.
src/__tests__/api/subscription-guard.test.ts(43,5): error TS2304: Cannot find name 'expect'.
src/__tests__/api/subscription-guard.test.ts(44,5): error TS2304: Cannot find name 'expect'.
src/__tests__/api/subscription-guard.test.ts(47,3): error TS2582: Cannot find name 'it'. Do you need to install type definitions for a test runner? Try `npm i --save-dev @types/jest` or `npm i --save-dev @types/mocha`.
src/__tests__/api/subscription-guard.test.ts(53,5): error TS2304: Cannot find name 'expect'.
src/__tests__/api/subscription-guard.test.ts(57,1): error TS2582: Cannot find name 'describe'. Do you need to install type definitions for a test runner? Try `npm i --save-dev @types/jest` or `npm i --save-dev @types/mocha`.
src/__tests__/api/subscription-guard.test.ts(58,3): error TS2582: Cannot find name 'it'. Do you need to install type definitions for a test runner? Try `npm i --save-dev @types/jest` or `npm i --save-dev @types/mocha`.
src/__tests__/api/subscription-guard.test.ts(63,5): error TS2304: Cannot find name 'expect'.
src/__tests__/api/subscription-guard.test.ts(64,5): error TS2304: Cannot find name 'expect'.
src/__tests__/api/subscription-guard.test.ts(67,3): error TS2582: Cannot find name 'it'. Do you need to install type definitions for a test runner? Try `npm i --save-dev @types/jest` or `npm i --save-dev @types/mocha`.
src/__tests__/api/subscription-guard.test.ts(72,5): error TS2304: Cannot find name 'expect'.
src/__tests__/api/subscription-guard.test.ts(76,1): error TS2582: Cannot find name 'describe'. Do you need to install type definitions for a test runner? Try `npm i --save-dev @types/jest` or `npm i --save-dev @types/mocha`.
src/__tests__/api/subscription-guard.test.ts(77,3): error TS2582: Cannot find name 'it'. Do you need to install type definitions for a test runner? Try `npm i --save-dev @types/jest` or `npm i --save-dev @types/mocha`.
src/__tests__/api/subscription-guard.test.ts(81,5): error TS2304: Cannot find name 'expect'.
src/__tests__/api/subscription-guard.test.ts(84,3): error TS2582: Cannot find name 'it'. Do you need to install type definitions for a test runner? Try `npm i --save-dev @types/jest` or `npm i --save-dev @types/mocha`.
src/__tests__/api/subscription-guard.test.ts(88,5): error TS2304: Cannot find name 'expect'.
src/__tests__/api/subscription-guard.test.ts(91,3): error TS2582: Cannot find name 'it'. Do you need to install type definitions for a test runner? Try `npm i --save-dev @types/jest` or `npm i --save-dev @types/mocha`.
src/__tests__/api/subscription-guard.test.ts(95,5): error TS2304: Cannot find name 'expect'.
src/__tests__/components/analytics-summary-card.test.tsx(2,32): error TS2307: Cannot find module '@testing-library/react' or its corresponding type declarations.
src/__tests__/components/analytics-summary-card.test.tsx(7,1): error TS2304: Cannot find name 'jest'.
src/__tests__/components/analytics-summary-card.test.tsx(24,1): error TS2582: Cannot find name 'describe'. Do you need to install type definitions for a test runner? Try `npm i --save-dev @types/jest` or `npm i --save-dev @types/mocha`.
src/__tests__/components/analytics-summary-card.test.tsx(25,3): error TS2582: Cannot find name 'it'. Do you need to install type definitions for a test runner? Try `npm i --save-dev @types/jest` or `npm i --save-dev @types/mocha`.
src/__tests__/components/analytics-summary-card.test.tsx(27,5): error TS2304: Cannot find name 'expect'.
src/__tests__/components/analytics-summary-card.test.tsx(30,3): error TS2582: Cannot find name 'it'. Do you need to install type definitions for a test runner? Try `npm i --save-dev @types/jest` or `npm i --save-dev @types/mocha`.
src/__tests__/components/analytics-summary-card.test.tsx(32,5): error TS2304: Cannot find name 'expect'.
src/__tests__/components/analytics-summary-card.test.tsx(35,3): error TS2582: Cannot find name 'it'. Do you need to install type definitions for a test runner? Try `npm i --save-dev @types/jest` or `npm i --save-dev @types/mocha`.
src/__tests__/components/analytics-summary-card.test.tsx(37,5): error TS2304: Cannot find name 'expect'.
src/__tests__/components/analytics-summary-card.test.tsx(40,3): error TS2582: Cannot find name 'it'. Do you need to install type definitions for a test runner? Try `npm i --save-dev @types/jest` or `npm i --save-dev @types/mocha`.
src/__tests__/components/analytics-summary-card.test.tsx(42,5): error TS2304: Cannot find name 'expect'.
src/__tests__/components/analytics-summary-card.test.tsx(45,3): error TS2582: Cannot find name 'it'. Do you need to install type definitions for a test runner? Try `npm i --save-dev @types/jest` or `npm i --save-dev @types/mocha`.
src/__tests__/components/analytics-summary-card.test.tsx(52,5): error TS2304: Cannot find name 'expect'.
src/__tests__/components/analytics-summary-card.test.tsx(55,3): error TS2582: Cannot find name 'it'. Do you need to install type definitions for a test runner? Try `npm i --save-dev @types/jest` or `npm i --save-dev @types/mocha`.
src/__tests__/components/analytics-summary-card.test.tsx(62,5): error TS2304: Cannot find name 'expect'.
src/__tests__/components/locked-analytics-overlay.test.tsx(2,32): error TS2307: Cannot find module '@testing-library/react' or its corresponding type declarations.
src/__tests__/components/locked-analytics-overlay.test.tsx(5,1): error TS2582: Cannot find name 'describe'. Do you need to install type definitions for a test runner? Try `npm i --save-dev @types/jest` or `npm i --save-dev @types/mocha`.
src/__tests__/components/locked-analytics-overlay.test.tsx(6,3): error TS2582: Cannot find name 'it'. Do you need to install type definitions for a test runner? Try `npm i --save-dev @types/jest` or `npm i --save-dev @types/mocha`.
src/__tests__/components/locked-analytics-overlay.test.tsx(8,5): error TS2304: Cannot find name 'expect'.
src/__tests__/components/locked-analytics-overlay.test.tsx(11,3): error TS2582: Cannot find name 'it'. Do you need to install type definitions for a test runner? Try `npm i --save-dev @types/jest` or `npm i --save-dev @types/mocha`.
src/__tests__/components/locked-analytics-overlay.test.tsx(13,5): error TS2304: Cannot find name 'expect'.
src/__tests__/components/locked-analytics-overlay.test.tsx(16,3): error TS2582: Cannot find name 'it'. Do you need to install type definitions for a test runner? Try `npm i --save-dev @types/jest` or `npm i --save-dev @types/mocha`.
src/__tests__/components/locked-analytics-overlay.test.tsx(18,5): error TS2304: Cannot find name 'expect'.
src/__tests__/components/locked-analytics-overlay.test.tsx(21,3): error TS2582: Cannot find name 'it'. Do you need to install type definitions for a test runner? Try `npm i --save-dev @types/jest` or `npm i --save-dev @types/mocha`.
src/__tests__/components/locked-analytics-overlay.test.tsx(23,5): error TS2304: Cannot find name 'expect'.
src/__tests__/components/locked-analytics-overlay.test.tsx(26,3): error TS2582: Cannot find name 'it'. Do you need to install type definitions for a test runner? Try `npm i --save-dev @types/jest` or `npm i --save-dev @types/mocha`.
src/__tests__/components/locked-analytics-overlay.test.tsx(28,5): error TS2304: Cannot find name 'expect'.
src/__tests__/components/locked-analytics-overlay.test.tsx(29,5): error TS2304: Cannot find name 'expect'.
src/__tests__/components/locked-analytics-overlay.test.tsx(30,5): error TS2304: Cannot find name 'expect'.
src/__tests__/components/locked-analytics-overlay.test.tsx(31,5): error TS2304: Cannot find name 'expect'.
src/__tests__/components/locked-analytics-overlay.test.tsx(32,5): error TS2304: Cannot find name 'expect'.
src/__tests__/components/locked-analytics-overlay.test.tsx(33,5): error TS2304: Cannot find name 'expect'.
src/__tests__/components/sales-growth-section.test.tsx(4,1): error TS2304: Cannot find name 'jest'.
src/__tests__/components/sales-growth-section.test.tsx(14,1): error TS2582: Cannot find name 'describe'. Do you need to install type definitions for a test runner? Try `npm i --save-dev @types/jest` or `npm i --save-dev @types/mocha`.
src/__tests__/components/sales-growth-section.test.tsx(15,3): error TS2582: Cannot find name 'it'. Do you need to install type definitions for a test runner? Try `npm i --save-dev @types/jest` or `npm i --save-dev @types/mocha`.
src/__tests__/components/sales-growth-section.test.tsx(20,5): error TS2304: Cannot find name 'expect'.
src/__tests__/components/sales-growth-section.test.tsx(23,3): error TS2582: Cannot find name 'it'. Do you need to install type definitions for a test runner? Try `npm i --save-dev @types/jest` or `npm i --save-dev @types/mocha`.
src/__tests__/components/sales-growth-section.test.tsx(41,5): error TS2304: Cannot find name 'expect'.
src/__tests__/e2e/analytics-edge-cases.test.ts(7,7): error TS2451: Cannot redeclare block-scoped variable 'BASE_URL'.
src/__tests__/e2e/analytics-edge-cases.test.ts(9,1): error TS2582: Cannot find name 'describe'. Do you need to install type definitions for a test runner? Try `npm i --save-dev @types/jest` or `npm i --save-dev @types/mocha`.
src/__tests__/e2e/analytics-edge-cases.test.ts(10,3): error TS2582: Cannot find name 'it'. Do you need to install type definitions for a test runner? Try `npm i --save-dev @types/jest` or `npm i --save-dev @types/mocha`.
src/__tests__/e2e/analytics-edge-cases.test.ts(12,5): error TS2304: Cannot find name 'expect'.
src/__tests__/e2e/analytics-edge-cases.test.ts(15,3): error TS2582: Cannot find name 'it'. Do you need to install type definitions for a test runner? Try `npm i --save-dev @types/jest` or `npm i --save-dev @types/mocha`.
src/__tests__/e2e/analytics-edge-cases.test.ts(19,5): error TS2304: Cannot find name 'expect'.
src/__tests__/e2e/analytics-edge-cases.test.ts(22,3): error TS2582: Cannot find name 'it'. Do you need to install type definitions for a test runner? Try `npm i --save-dev @types/jest` or `npm i --save-dev @types/mocha`.
src/__tests__/e2e/analytics-edge-cases.test.ts(26,5): error TS2304: Cannot find name 'expect'.
src/__tests__/e2e/analytics-edge-cases.test.ts(29,3): error TS2582: Cannot find name 'it'. Do you need to install type definitions for a test runner? Try `npm i --save-dev @types/jest` or `npm i --save-dev @types/mocha`.
src/__tests__/e2e/analytics-edge-cases.test.ts(35,5): error TS2304: Cannot find name 'expect'.
src/__tests__/e2e/analytics-edge-cases.test.ts(38,3): error TS2582: Cannot find name 'it'. Do you need to install type definitions for a test runner? Try `npm i --save-dev @types/jest` or `npm i --save-dev @types/mocha`.
src/__tests__/e2e/analytics-edge-cases.test.ts(40,5): error TS2304: Cannot find name 'expect'.
src/__tests__/e2e/analytics-edge-cases.test.ts(42,5): error TS2304: Cannot find name 'expect'.
src/__tests__/e2e/analytics-edge-cases.test.ts(45,3): error TS2582: Cannot find name 'it'. Do you need to install type definitions for a test runner? Try `npm i --save-dev @types/jest` or `npm i --save-dev @types/mocha`.
src/__tests__/e2e/analytics-edge-cases.test.ts(55,5): error TS2304: Cannot find name 'expect'.
src/__tests__/e2e/analytics-paid-vendor.test.ts(8,7): error TS2451: Cannot redeclare block-scoped variable 'BASE_URL'.
src/__tests__/e2e/analytics-paid-vendor.test.ts(10,1): error TS2582: Cannot find name 'describe'. Do you need to install type definitions for a test runner? Try `npm i --save-dev @types/jest` or `npm i --save-dev @types/mocha`.
src/__tests__/e2e/analytics-paid-vendor.test.ts(13,3): error TS2582: Cannot find name 'it'. Do you need to install type definitions for a test runner? Try `npm i --save-dev @types/jest` or `npm i --save-dev @types/mocha`.
src/__tests__/e2e/analytics-paid-vendor.test.ts(17,5): error TS2304: Cannot find name 'expect'.
src/__tests__/e2e/analytics-paid-vendor.test.ts(19,5): error TS2304: Cannot find name 'expect'.
src/__tests__/e2e/analytics-paid-vendor.test.ts(20,5): error TS2304: Cannot find name 'expect'.
src/__tests__/e2e/analytics-paid-vendor.test.ts(23,3): error TS2582: Cannot find name 'it'. Do you need to install type definitions for a test runner? Try `npm i --save-dev @types/jest` or `npm i --save-dev @types/mocha`.
src/__tests__/e2e/analytics-paid-vendor.test.ts(27,5): error TS2304: Cannot find name 'expect'.
src/__tests__/e2e/analytics-paid-vendor.test.ts(29,5): error TS2304: Cannot find name 'expect'.
src/__tests__/e2e/analytics-paid-vendor.test.ts(32,3): error TS2582: Cannot find name 'it'. Do you need to install type definitions for a test runner? Try `npm i --save-dev @types/jest` or `npm i --save-dev @types/mocha`.
src/__tests__/e2e/analytics-paid-vendor.test.ts(36,5): error TS2304: Cannot find name 'expect'.
src/__tests__/e2e/analytics-paid-vendor.test.ts(38,5): error TS2304: Cannot find name 'expect'.
src/__tests__/e2e/analytics-paid-vendor.test.ts(41,3): error TS2582: Cannot find name 'it'. Do you need to install type definitions for a test runner? Try `npm i --save-dev @types/jest` or `npm i --save-dev @types/mocha`.
src/__tests__/e2e/analytics-paid-vendor.test.ts(45,5): error TS2304: Cannot find name 'expect'.
src/__tests__/e2e/analytics-paid-vendor.test.ts(47,5): error TS2304: Cannot find name 'expect'.
src/__tests__/e2e/analytics-paid-vendor.test.ts(50,3): error TS2582: Cannot find name 'it'. Do you need to install type definitions for a test runner? Try `npm i --save-dev @types/jest` or `npm i --save-dev @types/mocha`.
src/__tests__/e2e/analytics-paid-vendor.test.ts(54,5): error TS2304: Cannot find name 'expect'.
src/__tests__/e2e/analytics-paid-vendor.test.ts(56,5): error TS2304: Cannot find name 'expect'.
src/__tests__/e2e/analytics-paid-vendor.test.ts(59,3): error TS2582: Cannot find name 'it'. Do you need to install type definitions for a test runner? Try `npm i --save-dev @types/jest` or `npm i --save-dev @types/mocha`.
src/__tests__/e2e/analytics-paid-vendor.test.ts(63,5): error TS2304: Cannot find name 'expect'.
src/__tests__/e2e/analytics-paid-vendor.test.ts(65,5): error TS2304: Cannot find name 'expect'.
src/__tests__/e2e/analytics-unpaid-vendor.test.ts(7,7): error TS2451: Cannot redeclare block-scoped variable 'BASE_URL'.
src/__tests__/e2e/analytics-unpaid-vendor.test.ts(9,1): error TS2582: Cannot find name 'describe'. Do you need to install type definitions for a test runner? Try `npm i --save-dev @types/jest` or `npm i --save-dev @types/mocha`.
src/__tests__/e2e/analytics-unpaid-vendor.test.ts(22,5): error TS2582: Cannot find name 'it'. Do you need to install type definitions for a test runner? Try `npm i --save-dev @types/jest` or `npm i --save-dev @types/mocha`.
src/__tests__/e2e/analytics-unpaid-vendor.test.ts(26,7): error TS2304: Cannot find name 'expect'.
src/__tests__/e2e/analytics-unpaid-vendor.test.ts(29,7): error TS2304: Cannot find name 'expect'.
src/__tests__/e2e/analytics-unpaid-vendor.test.ts(30,7): error TS2304: Cannot find name 'expect'.
src/__tests__/e2e/analytics-unpaid-vendor.test.ts(34,3): error TS2582: Cannot find name 'it'. Do you need to install type definitions for a test runner? Try `npm i --save-dev @types/jest` or `npm i --save-dev @types/mocha`.
src/__tests__/e2e/analytics-unpaid-vendor.test.ts(39,5): error TS2304: Cannot find name 'expect'.
src/__tests__/services/conversion.service.test.ts(3,1): error TS2582: Cannot find name 'describe'. Do you need to install type definitions for a test runner? Try `npm i --save-dev @types/jest` or `npm i --save-dev @types/mocha`.
src/__tests__/services/conversion.service.test.ts(4,3): error TS2582: Cannot find name 'it'. Do you need to install type definitions for a test runner? Try `npm i --save-dev @types/jest` or `npm i --save-dev @types/mocha`.
src/__tests__/services/conversion.service.test.ts(6,5): error TS2304: Cannot find name 'expect'.
src/__tests__/services/conversion.service.test.ts(9,3): error TS2582: Cannot find name 'it'. Do you need to install type definitions for a test runner? Try `npm i --save-dev @types/jest` or `npm i --save-dev @types/mocha`.
src/__tests__/services/conversion.service.test.ts(11,5): error TS2304: Cannot find name 'expect'.
src/__tests__/services/conversion.service.test.ts(14,3): error TS2582: Cannot find name 'it'. Do you need to install type definitions for a test runner? Try `npm i --save-dev @types/jest` or `npm i --save-dev @types/mocha`.
src/__tests__/services/conversion.service.test.ts(16,5): error TS2304: Cannot find name 'expect'.
src/__tests__/services/conversion.service.test.ts(19,3): error TS2582: Cannot find name 'it'. Do you need to install type definitions for a test runner? Try `npm i --save-dev @types/jest` or `npm i --save-dev @types/mocha`.
src/__tests__/services/conversion.service.test.ts(21,5): error TS2304: Cannot find name 'expect'.
src/__tests__/services/conversion.service.test.ts(24,3): error TS2582: Cannot find name 'it'. Do you need to install type definitions for a test runner? Try `npm i --save-dev @types/jest` or `npm i --save-dev @types/mocha`.
src/__tests__/services/conversion.service.test.ts(26,5): error TS2304: Cannot find name 'expect'.
src/__tests__/services/conversion.service.test.ts(29,3): error TS2582: Cannot find name 'it'. Do you need to install type definitions for a test runner? Try `npm i --save-dev @types/jest` or `npm i --save-dev @types/mocha`.
src/__tests__/services/conversion.service.test.ts(31,5): error TS2304: Cannot find name 'expect'.
src/__tests__/services/insight-generator.test.ts(7,1): error TS2582: Cannot find name 'describe'. Do you need to install type definitions for a test runner? Try `npm i --save-dev @types/jest` or `npm i --save-dev @types/mocha`.
src/__tests__/services/insight-generator.test.ts(8,3): error TS2582: Cannot find name 'it'. Do you need to install type definitions for a test runner? Try `npm i --save-dev @types/jest` or `npm i --save-dev @types/mocha`.
src/__tests__/services/insight-generator.test.ts(10,5): error TS2304: Cannot find name 'expect'.
src/__tests__/services/insight-generator.test.ts(13,3): error TS2582: Cannot find name 'it'. Do you need to install type definitions for a test runner? Try `npm i --save-dev @types/jest` or `npm i --save-dev @types/mocha`.
src/__tests__/services/insight-generator.test.ts(15,5): error TS2304: Cannot find name 'expect'.
src/__tests__/services/insight-generator.test.ts(18,3): error TS2582: Cannot find name 'it'. Do you need to install type definitions for a test runner? Try `npm i --save-dev @types/jest` or `npm i --save-dev @types/mocha`.
src/__tests__/services/insight-generator.test.ts(20,5): error TS2304: Cannot find name 'expect'.
src/__tests__/services/insight-generator.test.ts(23,3): error TS2582: Cannot find name 'it'. Do you need to install type definitions for a test runner? Try `npm i --save-dev @types/jest` or `npm i --save-dev @types/mocha`.
src/__tests__/services/insight-generator.test.ts(25,5): error TS2304: Cannot find name 'expect'.
src/__tests__/services/insight-generator.test.ts(28,3): error TS2582: Cannot find name 'it'. Do you need to install type definitions for a test runner? Try `npm i --save-dev @types/jest` or `npm i --save-dev @types/mocha`.
src/__tests__/services/insight-generator.test.ts(30,5): error TS2304: Cannot find name 'expect'.
src/__tests__/services/insight-generator.test.ts(34,1): error TS2582: Cannot find name 'describe'. Do you need to install type definitions for a test runner? Try `npm i --save-dev @types/jest` or `npm i --save-dev @types/mocha`.
src/__tests__/services/insight-generator.test.ts(35,3): error TS2582: Cannot find name 'it'. Do you need to install type definitions for a test runner? Try `npm i --save-dev @types/jest` or `npm i --save-dev @types/mocha`.
src/__tests__/services/insight-generator.test.ts(37,5): error TS2304: Cannot find name 'expect'.
src/__tests__/services/insight-generator.test.ts(40,3): error TS2582: Cannot find name 'it'. Do you need to install type definitions for a test runner? Try `npm i --save-dev @types/jest` or `npm i --save-dev @types/mocha`.
src/__tests__/services/insight-generator.test.ts(42,5): error TS2304: Cannot find name 'expect'.
src/__tests__/services/insight-generator.test.ts(45,3): error TS2582: Cannot find name 'it'. Do you need to install type definitions for a test runner? Try `npm i --save-dev @types/jest` or `npm i --save-dev @types/mocha`.
src/__tests__/services/insight-generator.test.ts(47,5): error TS2304: Cannot find name 'expect'.
src/__tests__/services/insight-generator.test.ts(50,3): error TS2582: Cannot find name 'it'. Do you need to install type definitions for a test runner? Try `npm i --save-dev @types/jest` or `npm i --save-dev @types/mocha`.
src/__tests__/services/insight-generator.test.ts(52,5): error TS2304: Cannot find name 'expect'.
src/__tests__/services/insight-generator.test.ts(56,1): error TS2582: Cannot find name 'describe'. Do you need to install type definitions for a test runner? Try `npm i --save-dev @types/jest` or `npm i --save-dev @types/mocha`.
src/__tests__/services/insight-generator.test.ts(57,3): error TS2582: Cannot find name 'it'. Do you need to install type definitions for a test runner? Try `npm i --save-dev @types/jest` or `npm i --save-dev @types/mocha`.
src/__tests__/services/insight-generator.test.ts(59,5): error TS2304: Cannot find name 'expect'.
src/__tests__/services/insight-generator.test.ts(60,5): error TS2304: Cannot find name 'expect'.
src/__tests__/services/insight-generator.test.ts(63,3): error TS2582: Cannot find name 'it'. Do you need to install type definitions for a test runner? Try `npm i --save-dev @types/jest` or `npm i --save-dev @types/mocha`.
src/__tests__/services/insight-generator.test.ts(65,5): error TS2304: Cannot find name 'expect'.
src/__tests__/services/revenue-breakdown.service.test.ts(3,1): error TS2582: Cannot find name 'describe'. Do you need to install type definitions for a test runner? Try `npm i --save-dev @types/jest` or `npm i --save-dev @types/mocha`.
src/__tests__/services/revenue-breakdown.service.test.ts(4,3): error TS2582: Cannot find name 'it'. Do you need to install type definitions for a test runner? Try `npm i --save-dev @types/jest` or `npm i --save-dev @types/mocha`.
src/__tests__/services/revenue-breakdown.service.test.ts(6,5): error TS2304: Cannot find name 'expect'.
src/__tests__/services/revenue-breakdown.service.test.ts(9,3): error TS2582: Cannot find name 'it'. Do you need to install type definitions for a test runner? Try `npm i --save-dev @types/jest` or `npm i --save-dev @types/mocha`.
src/__tests__/services/revenue-breakdown.service.test.ts(11,5): error TS2304: Cannot find name 'expect'.
src/__tests__/services/revenue-breakdown.service.test.ts(14,3): error TS2582: Cannot find name 'it'. Do you need to install type definitions for a test runner? Try `npm i --save-dev @types/jest` or `npm i --save-dev @types/mocha`.
src/__tests__/services/revenue-breakdown.service.test.ts(16,5): error TS2304: Cannot find name 'expect'.
src/__tests__/services/revenue-breakdown.service.test.ts(19,3): error TS2582: Cannot find name 'it'. Do you need to install type definitions for a test runner? Try `npm i --save-dev @types/jest` or `npm i --save-dev @types/mocha`.
src/__tests__/services/revenue-breakdown.service.test.ts(21,5): error TS2304: Cannot find name 'expect'.
src/__tests__/services/sales-growth.service.test.ts(3,1): error TS2582: Cannot find name 'describe'. Do you need to install type definitions for a test runner? Try `npm i --save-dev @types/jest` or `npm i --save-dev @types/mocha`.
src/__tests__/services/sales-growth.service.test.ts(4,3): error TS2582: Cannot find name 'it'. Do you need to install type definitions for a test runner? Try `npm i --save-dev @types/jest` or `npm i --save-dev @types/mocha`.
src/__tests__/services/sales-growth.service.test.ts(6,5): error TS2304: Cannot find name 'expect'.
src/__tests__/services/sales-growth.service.test.ts(9,3): error TS2582: Cannot find name 'it'. Do you need to install type definitions for a test runner? Try `npm i --save-dev @types/jest` or `npm i --save-dev @types/mocha`.
src/__tests__/services/sales-growth.service.test.ts(11,5): error TS2304: Cannot find name 'expect'.
src/__tests__/services/sales-growth.service.test.ts(14,3): error TS2582: Cannot find name 'it'. Do you need to install type definitions for a test runner? Try `npm i --save-dev @types/jest` or `npm i --save-dev @types/mocha`.
src/__tests__/services/sales-growth.service.test.ts(16,5): error TS2304: Cannot find name 'expect'.
src/__tests__/services/sales-growth.service.test.ts(19,3): error TS2582: Cannot find name 'it'. Do you need to install type definitions for a test runner? Try `npm i --save-dev @types/jest` or `npm i --save-dev @types/mocha`.
src/__tests__/services/sales-growth.service.test.ts(21,5): error TS2304: Cannot find name 'expect'.
src/__tests__/services/sales-growth.service.test.ts(24,3): error TS2582: Cannot find name 'it'. Do you need to install type definitions for a test runner? Try `npm i --save-dev @types/jest` or `npm i --save-dev @types/mocha`.
src/__tests__/services/sales-growth.service.test.ts(26,5): error TS2304: Cannot find name 'expect'.
src/__tests__/services/sales-growth.service.test.ts(29,3): error TS2582: Cannot find name 'it'. Do you need to install type definitions for a test runner? Try `npm i --save-dev @types/jest` or `npm i --save-dev @types/mocha`.
src/__tests__/services/sales-growth.service.test.ts(31,5): error TS2304: Cannot find name 'expect'.
src/__tests__/utils/calculate-growth.test.ts(3,1): error TS2582: Cannot find name 'describe'. Do you need to install type definitions for a test runner? Try `npm i --save-dev @types/jest` or `npm i --save-dev @types/mocha`.
src/__tests__/utils/calculate-growth.test.ts(4,3): error TS2582: Cannot find name 'it'. Do you need to install type definitions for a test runner? Try `npm i --save-dev @types/jest` or `npm i --save-dev @types/mocha`.
src/__tests__/utils/calculate-growth.test.ts(5,5): error TS2304: Cannot find name 'expect'.
src/__tests__/utils/calculate-growth.test.ts(8,3): error TS2582: Cannot find name 'it'. Do you need to install type definitions for a test runner? Try `npm i --save-dev @types/jest` or `npm i --save-dev @types/mocha`.
src/__tests__/utils/calculate-growth.test.ts(9,5): error TS2304: Cannot find name 'expect'.
src/__tests__/utils/calculate-growth.test.ts(12,3): error TS2582: Cannot find name 'it'. Do you need to install type definitions for a test runner? Try `npm i --save-dev @types/jest` or `npm i --save-dev @types/mocha`.
src/__tests__/utils/calculate-growth.test.ts(14,5): error TS2304: Cannot find name 'expect'.
src/__tests__/utils/calculate-growth.test.ts(17,3): error TS2582: Cannot find name 'it'. Do you need to install type definitions for a test runner? Try `npm i --save-dev @types/jest` or `npm i --save-dev @types/mocha`.
src/__tests__/utils/calculate-growth.test.ts(19,5): error TS2304: Cannot find name 'expect'.
src/__tests__/utils/calculate-growth.test.ts(22,3): error TS2582: Cannot find name 'it'. Do you need to install type definitions for a test runner? Try `npm i --save-dev @types/jest` or `npm i --save-dev @types/mocha`.
src/__tests__/utils/calculate-growth.test.ts(23,5): error TS2304: Cannot find name 'expect'.
src/__tests__/utils/calculate-growth.test.ts(26,3): error TS2582: Cannot find name 'it'. Do you need to install type definitions for a test runner? Try `npm i --save-dev @types/jest` or `npm i --save-dev @types/mocha`.
src/__tests__/utils/calculate-growth.test.ts(28,5): error TS2304: Cannot find name 'expect'.
src/__tests__/utils/calculate-growth.test.ts(32,1): error TS2582: Cannot find name 'describe'. Do you need to install type definitions for a test runner? Try `npm i --save-dev @types/jest` or `npm i --save-dev @types/mocha`.
src/__tests__/utils/calculate-growth.test.ts(33,3): error TS2582: Cannot find name 'it'. Do you need to install type definitions for a test runner? Try `npm i --save-dev @types/jest` or `npm i --save-dev @types/mocha`.
src/__tests__/utils/calculate-growth.test.ts(34,5): error TS2304: Cannot find name 'expect'.
src/__tests__/utils/calculate-growth.test.ts(37,3): error TS2582: Cannot find name 'it'. Do you need to install type definitions for a test runner? Try `npm i --save-dev @types/jest` or `npm i --save-dev @types/mocha`.
src/__tests__/utils/calculate-growth.test.ts(38,5): error TS2304: Cannot find name 'expect'.
src/__tests__/utils/calculate-growth.test.ts(41,3): error TS2582: Cannot find name 'it'. Do you need to install type definitions for a test runner? Try `npm i --save-dev @types/jest` or `npm i --save-dev @types/mocha`.
src/__tests__/utils/calculate-growth.test.ts(42,5): error TS2304: Cannot find name 'expect'.
src/__tests__/utils/calculate-growth.test.ts(46,1): error TS2582: Cannot find name 'describe'. Do you need to install type definitions for a test runner? Try `npm i --save-dev @types/jest` or `npm i --save-dev @types/mocha`.
src/__tests__/utils/calculate-growth.test.ts(47,3): error TS2582: Cannot find name 'it'. Do you need to install type definitions for a test runner? Try `npm i --save-dev @types/jest` or `npm i --save-dev @types/mocha`.
src/__tests__/utils/calculate-growth.test.ts(49,5): error TS2304: Cannot find name 'expect'.
src/__tests__/utils/calculate-growth.test.ts(50,5): error TS2304: Cannot find name 'expect'.
src/__tests__/utils/calculate-growth.test.ts(53,3): error TS2582: Cannot find name 'it'. Do you need to install type definitions for a test runner? Try `npm i --save-dev @types/jest` or `npm i --save-dev @types/mocha`.
src/__tests__/utils/calculate-growth.test.ts(55,5): error TS2304: Cannot find name 'expect'.
src/__tests__/utils/calculate-growth.test.ts(56,5): error TS2304: Cannot find name 'expect'.
src/__tests__/utils/calculate-growth.test.ts(59,3): error TS2582: Cannot find name 'it'. Do you need to install type definitions for a test runner? Try `npm i --save-dev @types/jest` or `npm i --save-dev @types/mocha`.
src/__tests__/utils/calculate-growth.test.ts(61,5): error TS2304: Cannot find name 'expect'.
src/__tests__/utils/calculate-growth.test.ts(62,5): error TS2304: Cannot find name 'expect'.
src/__tests__/utils/calculate-growth.test.ts(65,3): error TS2582: Cannot find name 'it'. Do you need to install type definitions for a test runner? Try `npm i --save-dev @types/jest` or `npm i --save-dev @types/mocha`.
src/__tests__/utils/calculate-growth.test.ts(67,5): error TS2304: Cannot find name 'expect'.
src/__tests__/utils/calculate-growth.test.ts(68,5): error TS2304: Cannot find name 'expect'.
src/__tests__/utils/safe-divide.test.ts(3,1): error TS2582: Cannot find name 'describe'. Do you need to install type definitions for a test runner? Try `npm i --save-dev @types/jest` or `npm i --save-dev @types/mocha`.
src/__tests__/utils/safe-divide.test.ts(4,3): error TS2582: Cannot find name 'it'. Do you need to install type definitions for a test runner? Try `npm i --save-dev @types/jest` or `npm i --save-dev @types/mocha`.
src/__tests__/utils/safe-divide.test.ts(5,5): error TS2304: Cannot find name 'expect'.
src/__tests__/utils/safe-divide.test.ts(8,3): error TS2582: Cannot find name 'it'. Do you need to install type definitions for a test runner? Try `npm i --save-dev @types/jest` or `npm i --save-dev @types/mocha`.
src/__tests__/utils/safe-divide.test.ts(9,5): error TS2304: Cannot find name 'expect'.
src/__tests__/utils/safe-divide.test.ts(12,3): error TS2582: Cannot find name 'it'. Do you need to install type definitions for a test runner? Try `npm i --save-dev @types/jest` or `npm i --save-dev @types/mocha`.
src/__tests__/utils/safe-divide.test.ts(13,5): error TS2304: Cannot find name 'expect'.
src/__tests__/utils/safe-divide.test.ts(16,3): error TS2582: Cannot find name 'it'. Do you need to install type definitions for a test runner? Try `npm i --save-dev @types/jest` or `npm i --save-dev @types/mocha`.
src/__tests__/utils/safe-divide.test.ts(17,5): error TS2304: Cannot find name 'expect'.
src/__tests__/utils/safe-divide.test.ts(21,1): error TS2582: Cannot find name 'describe'. Do you need to install type definitions for a test runner? Try `npm i --save-dev @types/jest` or `npm i --save-dev @types/mocha`.
src/__tests__/utils/safe-divide.test.ts(22,3): error TS2582: Cannot find name 'it'. Do you need to install type definitions for a test runner? Try `npm i --save-dev @types/jest` or `npm i --save-dev @types/mocha`.
src/__tests__/utils/safe-divide.test.ts(23,5): error TS2304: Cannot find name 'expect'.
src/__tests__/utils/safe-divide.test.ts(26,3): error TS2582: Cannot find name 'it'. Do you need to install type definitions for a test runner? Try `npm i --save-dev @types/jest` or `npm i --save-dev @types/mocha`.
src/__tests__/utils/safe-divide.test.ts(27,5): error TS2304: Cannot find name 'expect'.
src/__tests__/utils/safe-divide.test.ts(30,3): error TS2582: Cannot find name 'it'. Do you need to install type definitions for a test runner? Try `npm i --save-dev @types/jest` or `npm i --save-dev @types/mocha`.
src/__tests__/utils/safe-divide.test.ts(31,5): error TS2304: Cannot find name 'expect'.
src/__tests__/utils/safe-divide.test.ts(34,3): error TS2582: Cannot find name 'it'. Do you need to install type definitions for a test runner? Try `npm i --save-dev @types/jest` or `npm i --save-dev @types/mocha`.
src/__tests__/utils/safe-divide.test.ts(35,5): error TS2304: Cannot find name 'expect'.
src/app/api/cron/aggregate-daily-stats/route.ts(2,10): error TS2305: Module '"next/server"' has no exported member 'NextResponse'.
src/app/api/vendor/analytics/conversion/route.ts(1,10): error TS2305: Module '"next/server"' has no exported member 'NextRequest'.
src/app/api/vendor/analytics/conversion/route.ts(1,23): error TS2305: Module '"next/server"' has no exported member 'NextResponse'.
src/app/api/vendor/analytics/customer-engagement/route.ts(1,10): error TS2305: Module '"next/server"' has no exported member 'NextRequest'.
src/app/api/vendor/analytics/customer-engagement/route.ts(1,23): error TS2305: Module '"next/server"' has no exported member 'NextResponse'.
src/app/api/vendor/analytics/revenue-breakdown/route.ts(1,10): error TS2305: Module '"next/server"' has no exported member 'NextRequest'.
src/app/api/vendor/analytics/revenue-breakdown/route.ts(1,23): error TS2305: Module '"next/server"' has no exported member 'NextResponse'.
src/app/api/vendor/analytics/sales-growth/route.ts(1,10): error TS2305: Module '"next/server"' has no exported member 'NextRequest'.
src/app/api/vendor/analytics/sales-growth/route.ts(1,23): error TS2305: Module '"next/server"' has no exported member 'NextResponse'.
src/app/api/vendor/analytics/summary/route.ts(1,10): error TS2305: Module '"next/server"' has no exported member 'NextRequest'.
src/app/api/vendor/analytics/summary/route.ts(1,23): error TS2305: Module '"next/server"' has no exported member 'NextResponse'.
src/app/api/vendor/analytics/top-products/route.ts(1,10): error TS2305: Module '"next/server"' has no exported member 'NextRequest'.
src/app/api/vendor/analytics/top-products/route.ts(1,23): error TS2305: Module '"next/server"' has no exported member 'NextResponse'.
src/app/api/vendor/subscription/status/route.ts(1,10): error TS2305: Module '"next/server"' has no exported member 'NextRequest'.
src/app/api/vendor/subscription/status/route.ts(1,23): error TS2305: Module '"next/server"' has no exported member 'NextResponse'.
src/app/api/vendor/subscription/upgrade/route.ts(1,10): error TS2305: Module '"next/server"' has no exported member 'NextRequest'.
src/app/api/vendor/subscription/upgrade/route.ts(1,23): error TS2305: Module '"next/server"' has no exported member 'NextResponse'.
src/app/vendor/analytics/page.tsx(91,11): error TS2322: Type '{ title: string; subtitle: string; showBack: true; onBack: () => void; }' is not assignable to type 'IntrinsicAttributes & { title: string; subtitle?: string | undefined; showBack?: boolean | undefined; right?: ReactNode; className?: string | undefined; }'.
  Property 'onBack' does not exist on type 'IntrinsicAttributes & { title: string; subtitle?: string | undefined; showBack?: boolean | undefined; right?: ReactNode; className?: string | undefined; }'.
src/app/vendor/analytics/page.tsx(109,13): error TS2322: Type '{ title: string; subtitle: string; showBack: true; onBack: () => void; }' is not assignable to type 'IntrinsicAttributes & { title: string; subtitle?: string | undefined; showBack?: boolean | undefined; right?: ReactNode; className?: string | undefined; }'.
  Property 'onBack' does not exist on type 'IntrinsicAttributes & { title: string; subtitle?: string | undefined; showBack?: boolean | undefined; right?: ReactNode; className?: string | undefined; }'.
src/app/vendor/analytics/page.tsx(124,11): error TS2322: Type '{ title: string; subtitle: string; showBack: true; onBack: () => void; }' is not assignable to type 'IntrinsicAttributes & { title: string; subtitle?: string | undefined; showBack?: boolean | undefined; right?: ReactNode; className?: string | undefined; }'.
  Property 'onBack' does not exist on type 'IntrinsicAttributes & { title: string; subtitle?: string | undefined; showBack?: boolean | undefined; right?: ReactNode; className?: string | undefined; }'.
src/app/vendor/analytics/page.tsx(150,9): error TS2322: Type '{ title: string; subtitle: string; showBack: true; onBack: () => void; right: Element; }' is not assignable to type 'IntrinsicAttributes & { title: string; subtitle?: string | undefined; showBack?: boolean | undefined; right?: ReactNode; className?: string | undefined; }'.
  Property 'onBack' does not exist on type 'IntrinsicAttributes & { title: string; subtitle?: string | undefined; showBack?: boolean | undefined; right?: ReactNode; className?: string | undefined; }'.
src/app/vendor/upgrade/page.tsx(48,19): error TS2322: Type '{ children: string; href: string; variant: "ghost"; size: "sm"; }' is not assignable to type 'IntrinsicAttributes & ButtonProps & RefAttributes<HTMLButtonElement>'.
  Property 'href' does not exist on type 'IntrinsicAttributes & ButtonProps & RefAttributes<HTMLButtonElement>'. Did you mean 'ref'?
src/app/vendor/upgrade/page.tsx(65,24): error TS2322: Type 'string' is not assignable to type 'number'.
src/lib/auth/subscription-guard.ts(1,10): error TS2305: Module '"next/server"' has no exported member 'NextResponse'.
src/lib/auth/vendor-guard.ts(1,10): error TS2305: Module '"next/server"' has no exported member 'NextRequest'.
src/lib/auth/vendor-guard.ts(1,23): error TS2305: Module '"next/server"' has no exported member 'NextResponse'.
src/middleware.ts(2,10): error TS2305: Module '"next/server"' has no exported member 'NextRequest'.
src/middleware.ts(2,23): error TS2305: Module '"next/server"' has no exported member 'NextResponse'.
